Failing Storybook Test Files (24 files with 112 failing tests):

1. src/components/blocks/blog-post-detail/blog-post-detail.stories.tsx
   - Default
   - Magazine
   - Minimal
   - Minimal Features
   - No Animations
   - Technical Article
   - Without Hero Image
   - Without Navigation
   - Without Related Posts
   - With Sidebar

2. src/components/blocks/blog-post-grid/blog-post-grid.stories.tsx
   - Custom Sort Options
   - Default
   - Featured Posts
   - Infinite Scroll
   - Loading State
   - Magazine Style
   - Masonry Layout
   - Minimal List
   - Mobile Responsive
   - No Controls
   - With Sidebar

3. src/components/blocks/call-to-action/call-to-action.stories.tsx
   - Bold
   - Centered
   - Compact
   - Custom Gradient
   - Form Integrated
   - Glass Morphism
   - Gradient Animated
   - Left Aligned
   - Minimal
   - Multi Action
   - Newsletter Custom Form
   - Split Screen
   - Split Screen Left Image
   - With Background Image
   - With Background Pattern
   - With Background Video
   - With Custom Shapes

4. src/components/blocks/carousel/carousel-block.stories.tsx
   - Basic
   - Content Cards
   - Fullscreen
   - Swipe Only
   - Testimonials Cards

5. src/components/ui/alert-dialog/alert-dialog.stories.tsx
   - Controlled State
   - Default
   - Long Content
   - With Custom Content
   - With Icon

6. src/components/ui/calendar/calendar.stories.tsx
   - From Json Specification
   - Multiple Date Selection
   - Single Date Selection
   - With Date Constraints
   - With Disabled Dates
   - With Specific Disabled Dates
   - With Year Constraints

7. src/components/ui/command/command.stories.tsx
   - Navigation Example

8. src/components/ui/context-menu/context-menu.stories.tsx
   - Modern 2025
   - SDUI Context Menu
   - SDUI Nested Menus
   - SDUI With Interactive Items
   - With Checkbox And Radio

9. src/components/ui/data-table/data-table.stories.tsx
   - Minimal Features
   - With Actions
   - With Row Selection

10. src/components/ui/dialog/dialog.stories.tsx
    - Basic
    - Initially Open
    - With Footer

11. src/components/ui/drawer/drawer.stories.tsx
    - Default
    - Left Side
    - Right Side

12. src/components/ui/dropdown-menu/dropdown-menu.stories.tsx
    - With Checkboxes
    - With Radio Group

13. src/components/ui/form/form.stories.tsx
    - Contact Form
    - Default
    - With Initial Errors
    - With Required Fields
    - With Validation

14. src/components/ui/hover-card/hover-card.stories.tsx
    - Code Preview
    - Default
    - Text With Tooltip

15. src/components/ui/markdown/markdown.stories.tsx
    - Code Highlighting
    - Complex Document
    - Default
    - Error Handling
    - Long Content

16. src/components/ui/masonry/masonry.stories.tsx
    - Pinterest Gallery

17. src/components/ui/popover/popover.stories.tsx
    - With Form Elements

18. src/components/ui/resizable/resizable.stories.tsx
    - IDE Layout
    - Persistent Layout

19. src/components/ui/select/select.stories.tsx
    - Controlled
    - Disabled
    - With Default Value

20. src/components/ui/sheet/sheet.stories.tsx
    - Custom Styling
    - Default
    - Long Content
    - Nested Sheets
    - With Form

21. src/components/ui/skeleton-loader/skeleton-loader.stories.tsx
    - Table Skeleton

22. src/components/ui/spacer/spacer.stories.tsx
    - Form Example

23. src/components/ui/table/table.stories.tsx
    - Bordered
    - Compact
    - Default
    - Striped

24. src/components/ui/tooltip/tooltip.stories.tsx
    - Accessible
    - Complex
    - Custom Styling
    - Default
    - Long Content
    - Multiple Placement
    - With Alignment
    - With Delay
    - With Icon

Summary:
- Total failing test files: 24
- Total failing tests: 112
- Total passing tests: 438
- Total tests: 550

Common issue types observed:
- TestingLibraryElementError: Unable to find elements with expected text
- This suggests that components may not be rendering the expected content in SDUI mode